Opened log file 'C:\Users\SurfacePro7\Documents\KDNET\sp11_clean_3events.log'
kd> bu hidspi!SpbBusWrapper::MultiSpiTransfer ".if ((by(@x4+4)==3) | (by(@x4+4)==5) | (by(@x4+4)==7)) { .printf \"\\n[MODE-SETUP] type=%02x id=%02x txLen=%x rxLen=%x\\n\", by(@x4+4), by(@x4+7), @x5, @x7; db @x4 L48 }; gc"
kd> bl
     0 e Disable Clear u                      0001 (0001) (hidspi!SpbBusWrapper::MultiSpiTransfer ) ".if ((by(@x4+4)==3) | (by(@x4+4)==5) | (by(@x4+4)==7)) { .printf \"\\n[MODE-SETUP] type=%02x id=%02x txLen=%x rxLen=%x\\n\", by(@x4+4), by(@x4+7), @x5, @x7; db @x4 L48 }; gc"

kd> g
IPCCDeviceCreate Init assigned nameKDTARGET: Refreshing KD connection
DriverEntry failed 0xc0000034 for driver \REGISTRY\MACHINE\SYSTEM\ControlSet001\Services\WUDFRd
DriverEntry failed 0xc0000034 for driver \REGISTRY\MACHINE\SYSTEM\ControlSet001\Services\WUDFRd
DriverEntry failed 0xc0000034 for driver \REGISTRY\MACHINE\SYSTEM\ControlSet001\Services\WUDFRd
DriverEntry failed 0xc0000034 for driver \REGISTRY\MACHINE\SYSTEM\ControlSet001\Services\WUDFRd
DriverEntry failed 0xc0000034 for driver \REGISTRY\MACHINE\SYSTEM\ControlSet001\Services\WUDFRd
DriverEntry failed 0xc0000034 for driver \REGISTRY\MACHINE\SYSTEM\ControlSet001\Services\WUDFRd
qcsp [spcomEvtDeviceAdd] device count [1] .
DriverEntry failed 0xc0000034 for driver \REGISTRY\MACHINE\SYSTEM\ControlSet001\Services\WUDFRd
DriverEntry failed 0xc0000034 for driver \REGISTRY\MACHINE\SYSTEM\ControlSet001\Services\WUDFRd
DriverEntry failed 0xc0000034 for driver \REGISTRY\MACHINE\SYSTEM\ControlSet001\Services\WUDFRd
DriverEntry failed 0xc0000034 for driver \REGISTRY\MACHINE\SYSTEM\ControlSet001\Services\WUDFRd
Capacity:34940, FullChargedCapacity:51070, Voltage:7945, Rate:-12489
DriverEntry failed 0xc0000034 for driver \REGISTRY\MACHINE\SYSTEM\ControlSet001\Services\WUDFRd
DriverEntry failed 0xc0000034 for driver \REGISTRY\MACHINE\SYSTEM\ControlSet001\Services\WUDFRd
qccdi: WARN: Crash dump trace log buffer full
DriverEntry failed 0xc0000034 for driver \REGISTRY\MACHINE\SYSTEM\ControlSet001\Services\WUDFRd
-successfully opened handle 00000000000003A8 for Invoke driver 

-SSGTZD random number generated was 0xe2865e8 from Invoke driver 

-SSGServicesInvokeInit with status 0x0 

Handle opened to SMCInvoke driver successfully 0x0

Queue created successfully 0x0

Interface published for SSGUMD successfully 0x0

SSGServicesCreateDevice returned with status 0x0


[MODE-SETUP] type=05 id=09 txLen=48 rxLen=0
ffff9a85`2c68b660  e2 00 20 00 05 3f 00 09-8e a1 01 00 90 01 00 00  .. ..?..........
ffff9a85`2c68b670  00 00 00 00 00 00 00 00-00 00 00 00 00 00 00 00  ................
ffff9a85`2c68b680  00 00 00 00 00 00 00 00-00 00 00 00 00 00 00 00  ................
ffff9a85`2c68b690  90 01 00 00 00 00 00 00-00 00 00 00 00 00 00 00  ................
ffff9a85`2c68b6a0  00 00 00 00 00 00 00 00                          ........

[MODE-SETUP] type=05 id=09 txLen=48 rxLen=0
ffff9a85`2c68b660  e2 00 20 00 05 3f 00 09-8e a5 00 02 00 00 00 00  .. ..?..........
ffff9a85`2c68b670  00 00 00 00 00 00 00 00-00 00 00 00 00 00 00 00  ................
ffff9a85`2c68b680  00 00 00 00 00 00 00 00-00 00 00 00 00 00 00 90  ................
ffff9a85`2c68b690  01 00 00 00 00 00 40 00-00 00 00 00 00 00 00 00  ......@.........
ffff9a85`2c68b6a0  00 00 00 00 00 00 00 00                          ........

[MODE-SETUP] type=03 id=05 txLen=c rxLen=0
ffff9a85`2c68b660  e2 00 20 00 03 01 00 05-01 a5 00 02 00 00 00 00  .. .............
ffff9a85`2c68b670  00 00 00 00 00 00 00 00-00 00 00 00 00 00 00 00  ................
ffff9a85`2c68b680  00 00 00 00 00 00 00 00-00 00 00 00 00 00 00 90  ................
ffff9a85`2c68b690  01 00 00 00 00 00 40 00-00 00 00 00 00 00 00 00  ......@.........
ffff9a85`2c68b6a0  00 00 00 00 00 00 00 00                          ........

[MODE-SETUP] type=03 id=70 txLen=c rxLen=0
ffff9a85`2c68b660  e2 00 20 00 03 01 00 70-01 a5 00 02 00 00 00 00  .. ....p........
ffff9a85`2c68b670  00 00 00 00 00 00 00 00-00 00 00 00 00 00 00 00  ................
ffff9a85`2c68b680  00 00 00 00 00 00 00 00-00 00 00 00 00 00 00 90  ................
ffff9a85`2c68b690  01 00 00 00 00 00 40 00-00 00 00 00 00 00 00 00  ......@.........
ffff9a85`2c68b6a0  00 00 00 00 00 00 00 00                          ........

[MODE-SETUP] type=03 id=56 txLen=10 rxLen=0
ffff9a85`2c68b660  e2 00 20 00 03 07 00 56-bc e6 4a 2e 86 78 00 00  .. ....V..J..x..
ffff9a85`2c68b670  00 00 00 00 00 00 00 00-00 00 00 00 00 00 00 00  ................
ffff9a85`2c68b680  00 00 00 00 00 00 00 00-00 00 00 00 00 00 00 90  ................
ffff9a85`2c68b690  01 00 00 00 00 00 40 00-00 00 00 00 00 00 00 00  ......@.........
ffff9a85`2c68b6a0  00 00 00 00 00 00 00 00                          ........
DriverEntry failed 0xc00000bb for driver \REGISTRY\MACHINE\SYSTEM\ControlSet001\Services\NetworkPrivacyPolicy

[MODE-SETUP] type=05 id=65 txLen=18 rxLen=0
ffff9a85`2c68b660  e2 00 20 00 05 10 00 65-00 00 ff a0 00 00 00 00  .. ....e........
ffff9a85`2c68b670  00 00 00 00 00 00 00 00-00 00 00 00 00 00 00 00  ................
ffff9a85`2c68b680  00 00 00 00 00 00 00 00-00 00 00 00 00 00 00 90  ................
ffff9a85`2c68b690  01 00 00 00 00 00 40 00-00 00 00 00 00 00 00 00  ......@.........
ffff9a85`2c68b6a0  00 00 00 00 00 00 00 00                          ........

[MODE-SETUP] type=05 id=65 txLen=18 rxLen=0
ffff9a85`2c68b660  e2 00 20 00 05 10 00 65-01 00 ff a0 00 00 00 00  .. ....e........
ffff9a85`2c68b670  00 00 00 00 00 00 00 00-00 00 00 00 00 00 00 00  ................
ffff9a85`2c68b680  00 00 00 00 00 00 00 00-00 00 00 00 00 00 00 90  ................
ffff9a85`2c68b690  01 00 00 00 00 00 40 00-00 00 00 00 00 00 00 00  ......@.........
ffff9a85`2c68b6a0  00 00 00 00 00 00 00 00                          ........

[MODE-SETUP] type=05 id=65 txLen=18 rxLen=0
ffff9a85`2c68b660  e2 00 20 00 05 10 00 65-00 00 12 a0 89 14 00 3f  .. ....e.......?
ffff9a85`2c68b670  ff ff ff ff 04 04 75 00-00 00 00 00 00 00 00 00  ......u.........
ffff9a85`2c68b680  00 00 00 00 00 00 00 00-00 00 00 00 00 00 00 90  ................
ffff9a85`2c68b690  01 00 00 00 00 00 40 00-00 00 00 00 00 00 00 00  ......@.........
ffff9a85`2c68b6a0  00 00 00 00 00 00 00 00                          ........

[MODE-SETUP] type=05 id=65 txLen=18 rxLen=0
ffff9a85`2c68b660  e2 00 20 00 05 10 00 65-02 00 ff a0 00 00 00 00  .. ....e........
ffff9a85`2c68b670  00 00 00 00 00 00 00 00-00 00 00 00 00 00 00 00  ................
ffff9a85`2c68b680  00 00 00 00 00 00 00 00-00 00 00 00 00 00 00 90  ................
ffff9a85`2c68b690  01 00 00 00 00 00 40 00-00 00 00 00 00 00 00 00  ......@.........
ffff9a85`2c68b6a0  00 00 00 00 00 00 00 00                          ........
Unknown( 12): GUID=d809e859-1b35-3328-8332-8eb0e0d87cb2 (No Format Information found).
Unknown( 13): GUID=d809e859-1b35-3328-8332-8eb0e0d87cb2 (No Format Information found).
Unknown( 10): GUID=a695a0d8-0d20-3611-496a-a7892eb09e72 (No Format Information found).
Unknown( 11): GUID=a695a0d8-0d20-3611-496a-a7892eb09e72 (No Format Information found).
Unknown( 12): GUID=a695a0d8-0d20-3611-496a-a7892eb09e72 (No Format Information found).
Unknown( 10): GUID=f481b552-c976-3fae-1f34-caedc673ac98 (No Format Information found).
Break instruction exception - code 80000003 (first chance)
*******************************************************************************
*                                                                             *
*   You are seeing this message because you pressed either                    *
*       CTRL+C (if you run console kernel debugger) or,                       *
*       CTRL+BREAK (if you run GUI kernel debugger),                          *
*   on your debugger machine's keyboard.                                      *
*                                                                             *
*                   THIS IS NOT A BUG OR A SYSTEM CRASH                       *
*                                                                             *
* If you did not intend to break into the debugger, press the "g" key, then   *
* press the "Enter" key now.  This message might immediately reappear.  If it *
* does, press "g" and "Enter" again.                                          *
*                                                                             *
*******************************************************************************
nt!DbgBreakPoint:
fffff803`f4e013b0 d43e0000 brk         #0xF000
0: kd> g

[MODE-SETUP] type=05 id=09 txLen=48 rxLen=0
ffff9a85`2c68b660  e2 00 20 00 05 3f 00 09-8e a5 01 02 00 00 00 00  .. ..?..........
ffff9a85`2c68b670  00 00 00 00 70 17 00 00-00 00 00 00 00 00 00 00  ....p...........
ffff9a85`2c68b680  00 00 00 00 00 00 00 00-00 00 00 00 ff f8 00 90  ................
ffff9a85`2c68b690  01 00 00 04 ff 00 52 43-ff 02 00 00 00 00 00 00  ......RC........
ffff9a85`2c68b6a0  00 00 00 00 00 00 00 00                          ........

[MODE-SETUP] type=05 id=09 txLen=48 rxLen=0
ffff9a85`2c68b660  e2 00 20 00 05 3f 00 09-8e a1 00 00 90 01 00 00  .. ..?..........
ffff9a85`2c68b670  00 00 00 00 00 00 00 00-00 00 00 00 00 00 00 00  ................
ffff9a85`2c68b680  00 00 00 00 00 00 00 00-00 00 00 00 00 00 00 00  ................
ffff9a85`2c68b690  90 01 00 00 00 00 00 00-00 00 00 00 00 00 00 00  ................
ffff9a85`2c68b6a0  00 00 00 00 00 00 00 00                          ........
KDTARGET: Refreshing KD connection
[ToDeveloper]:This debugger break typically because there is a PLDR or Power ref leak issue during sleep session.                    please double check your client driver logic! If it's the known issue, you can 'g' in debugger to continue.
Break instruction exception - code 80000003 (first chance)
WifiCx!WxDiagnostics::PowerTelemetry::RecordControlPathWakeInPDCStandby+0xc8:
fffff803`f3af5968 d43e0000 brk         #0xF000
1: kd> .echo ================= EVENT 1 COLD-BOOT INIT ABOVE / EVENT 2 STANDBY-WAKE BELOW =================
================= EVENT 1 COLD-BOOT INIT ABOVE / EVENT 2 STANDBY-WAKE BELOW =================
1: kd> g

[MODE-SETUP] type=07 id=01 txLen=c rxLen=0
ffff9a85`2c68b660  e2 00 20 00 07 01 00 01-03 a1 00 00 90 01 00 00  .. .............
ffff9a85`2c68b670  00 00 00 00 00 00 00 00-00 00 00 00 00 00 00 00  ................
ffff9a85`2c68b680  00 00 00 00 00 00 00 00-00 00 00 00 00 00 00 00  ................
ffff9a85`2c68b690  90 01 00 00 00 00 00 00-00 00 00 00 00 00 00 00  ................
ffff9a85`2c68b6a0  00 00 00 00 00 00 00 00                          ........
KDTARGET: Refreshing KD connection
[ToDeveloper]:This debugger break typically because there is a PLDR or Power ref leak issue during sleep session.                    please double check your client driver logic! If it's the known issue, you can 'g' in debugger to continue.
Break instruction exception - code 80000003 (first chance)
WifiCx!WxDiagnostics::PowerTelemetry::RecordControlPathWakeInPDCStandby+0xc8:
fffff803`f3af5968 d43e0000 brk         #0xF000
0: kd> r pc
pc=fffff803f3af5968
0: kd> .echo ===STANDBY-WAKE CAPTURE MARKER===
===STANDBY-WAKE CAPTURE MARKER===
0: kd> .logflush
               ^ Syntax error in '.logflush'
0: kd> .logclose
Closing open log file C:\Users\SurfacePro7\Documents\KDNET\sp11_clean_3events.log
Opened log file 'C:\Users\SurfacePro7\Documents\KDNET\sp11_clean_3events.log'
0: kd> x hidspi!*Recover*
0: kd> lm m hidspi
Browse full module list
start             end                 module name
fffff803`f65e0000 fffff803`f6602000   hidspi     (pdb symbols)          C:\Program Files (x86)\Windows Kits\10\Debuggers\x64\sym\hidspi.pdb\BD551C7F41C4D7829BEF0790F9D038151\hidspi.pdb
0: kd> ln fffff803`f65ea360
Browse module
Set bu breakpoint

(fffff803`f65ea2e8)   hidspi!WPP_RECORDER_AND_TRACE_SF_qqPD+0x78   |  (fffff803`f65ea3c8)   hidspi!WPP_RECORDER_AND_TRACE_SF_qqd
0: kd> x hidspi!*Reset* ; x hidspi!*PowerOn* ; x hidspi!*Timeout*
fffff803`f65f74c0 hidspi!GUID_DEVICE_RESET_INTERFACE_STANDARD = <no type information>
fffff803`f65f73f0 hidspi!CxClientStateMachine<CxClient>::SlotArrays::c_resetting = <no type information>
fffff803`f65f76b8 hidspi!HidSpiDeviceV0StateMachine<HidSpiDeviceV0>::PopTransitions::c_clearingDeviceStateOnReset = <no type information>
fffff803`f65e80d0 hidspi!HidSpiDeviceV0StateMachine<HidSpiDeviceV0>::EntryFuncs::ResettingSyncEntry (public: static unsigned short __cdecl HidSpiDeviceV0StateMachine<class HidSpiDeviceV0>::EntryFuncs::ResettingSyncEntry(void *))
fffff803`f65f76e8 hidspi!HidSpiDeviceV0StateMachine<HidSpiDeviceV0>::ExternalTransitions::c_resettingOnFailure = <no type information>
fffff803`f65f76f8 hidspi!HidSpiDeviceV0StateMachine<HidSpiDeviceV0>::ExternalTransitions::c_resettingOnD3D0 = <no type information>
fffff803`f65f72e0 hidspi!HidSpiDeviceV0StateMachine<HidSpiDeviceV0>::SlotArrays::c_clearingStateOnDeviceInitiatedReset = <no type information>
fffff803`f65e6ac0 hidspi!HidSpiDeviceV0StateMachine<HidSpiDeviceV0>::EntryFuncs::ClearingStateOnDeviceInitiatedResetEntry (public: static unsigned short __cdecl HidSpiDeviceV0StateMachine<class HidSpiDeviceV0>::EntryFuncs::ClearingStateOnDeviceInitiatedResetEntry(void *))
fffff803`f65f7908 hidspi!HidSpiDeviceV0StateMachine<HidSpiDeviceV0>::SlotArrays::c_resettingOnStartup = <no type information>
fffff803`f65f75d8 hidspi!HidSpiDeviceV0StateMachine<HidSpiDeviceV0>::ExternalTransitions::c_waitingForResetCompletion = <no type information>
fffff803`f65e2ac0 hidspi!Fdo::EvtCxResetDevice (public: long __cdecl Fdo::EvtCxResetDevice(void))
fffff803`f65f78c8 hidspi!HidSpiDeviceV0StateMachine<HidSpiDeviceV0>::SlotArrays::c_waitingForResetCompletion = <no type information>
fffff803`f65f76b8 hidspi!HidSpiDeviceV0StateMachine<HidSpiDeviceV0>::PopTransitions::c_resettingSync = <no type information>
fffff803`f65f75d0 hidspi!HidSpiDeviceV0StateMachine<HidSpiDeviceV0>::DeferredEvents::c_waitingForResetCompletion = <no type information>
fffff803`f65f7808 hidspi!HidSpiDeviceV0StateMachine<HidSpiDeviceV0>::ExternalTransitions::c_checkingResetRetryCount = <no type information>
fffff803`f65f7688 hidspi!HidSpiDeviceV0StateMachine<HidSpiDeviceV0>::ExternalTransitions::c_stoppingResetTimerOnFailure = <no type information>
fffff803`f65f7e84 hidspi!CxClientStateMachine<CxClient>::PurgeEvents::c_resetting = <no type information>
fffff803`f65f72f8 hidspi!HidSpiDeviceV0StateMachine<HidSpiDeviceV0>::SlotArrays::c_clearingDeviceStateOnReset = <no type information>
fffff803`f65f7800 hidspi!HidSpiDeviceV0StateMachine<HidSpiDeviceV0>::PurgeEvents::c_clearingStateOnDeviceInitiatedReset = <no type information>
fffff803`f65f7e60 hidspi!CxClientStateMachine<CxClient>::ExternalTransitions::c_resetting = <no type information>
fffff803`f65f71d8 hidspi!HidSpiDeviceV0StateMachine<HidSpiDeviceV0>::SlotArrays::c_resettingSync = <no type information>
fffff803`f65e81c0 hidspi!HidSpiDeviceV0StateMachine<HidSpiDeviceV0>::StopTimerOnExitDetails::ReturningSuccessOnResetStopTimer (public: static enum SmFx::StopTimerResult __cdecl HidSpiDeviceV0StateMachine<class HidSpiDeviceV0>::StopTimerOnExitDetails::ReturningSuccessOnResetStopTimer(void *))
fffff803`f65e81b0 hidspi!HidSpiDeviceV0StateMachine<HidSpiDeviceV0>::EntryFuncs::StoppingResetTimerOnFailureEntry (public: static unsigned short __cdecl HidSpiDeviceV0StateMachine<class HidSpiDeviceV0>::EntryFuncs::StoppingResetTimerOnFailureEntry(void *))
fffff803`f65f7078 hidspi!HidSpiDeviceV0StateMachine<HidSpiDeviceV0>::StopTimerOnExitDetails::c_stoppingResetTimerOnFailure = <no type information>
fffff803`f65e6780 hidspi!HidSpiDeviceV0StateMachine<HidSpiDeviceV0>::EntryFuncs::CheckingResetRetryCountEntry (public: static unsigned short __cdecl HidSpiDeviceV0StateMachine<class HidSpiDeviceV0>::EntryFuncs::CheckingResetRetryCountEntry(void *))
fffff803`f65e6ac0 hidspi!HidSpiDeviceV0StateMachine<HidSpiDeviceV0>::EntryFuncs::ClearingDeviceStateOnResetEntry (public: static unsigned short __cdecl HidSpiDeviceV0StateMachine<class HidSpiDeviceV0>::EntryFuncs::ClearingDeviceStateOnResetEntry(void *))
fffff803`f65f7920 hidspi!HidSpiDeviceV0StateMachine<HidSpiDeviceV0>::SlotArrays::c_readResetResponse = <no type information>
fffff803`f65f7808 hidspi!HidSpiDeviceV0StateMachine<HidSpiDeviceV0>::ExternalTransitions::c_clearingDeviceStateOnReset = <no type information>
fffff803`f65f7128 hidspi!HidSpiDeviceV0StateMachine<HidSpiDeviceV0>::SlotArrays::c_stoppingResetTimerOnFailure = <no type information>
fffff803`f65f76c8 hidspi!HidSpiDeviceV0StateMachine<HidSpiDeviceV0>::PopTransitions::c_returningSuccessOnReset = <no type information>
fffff803`f65f7328 hidspi!HidSpiDeviceV0StateMachine<HidSpiDeviceV0>::SlotArrays::c_checkingResetRetryCount = <no type information>
fffff803`f65ec610 hidspi!CxClientStateMachine<CxClient>::EntryFuncs::ResettingEntry (public: static unsigned short __cdecl CxClientStateMachine<class CxClient>::EntryFuncs::ResettingEntry(void *))
fffff803`f65f7078 hidspi!HidSpiDeviceV0StateMachine<HidSpiDeviceV0>::StopTimerOnExitDetails::c_returningSuccessOnReset = <no type information>
fffff803`f65f7910 hidspi!HidSpiDeviceV0StateMachine<HidSpiDeviceV0>::SlotArrays::c_resettingOnFailure = <no type information>
fffff803`f65f7918 hidspi!HidSpiDeviceV0StateMachine<HidSpiDeviceV0>::SlotArrays::c_resettingOnD3D0 = <no type information>
fffff803`f65e81b0 hidspi!HidSpiDeviceV0StateMachine<HidSpiDeviceV0>::EntryFuncs::ReturningSuccessOnResetEntry (public: static unsigned short __cdecl HidSpiDeviceV0StateMachine<class HidSpiDeviceV0>::EntryFuncs::ReturningSuccessOnResetEntry(void *))
fffff803`f65e81c0 hidspi!HidSpiDeviceV0StateMachine<HidSpiDeviceV0>::StopTimerOnExitDetails::StoppingResetTimerOnFailureStopTimer (public: static enum SmFx::StopTimerResult __cdecl HidSpiDeviceV0StateMachine<class HidSpiDeviceV0>::StopTimerOnExitDetails::StoppingResetTimerOnFailureStopTimer(void *))
fffff803`f65f76b8 hidspi!HidSpiDeviceV0StateMachine<HidSpiDeviceV0>::PopTransitions::c_checkingResetRetryCount = <no type information>
fffff803`f65f76d0 hidspi!HidSpiDeviceV0StateMachine<HidSpiDeviceV0>::ExternalTransitions::c_resettingSync = <no type information>
fffff803`f65f71c0 hidspi!HidSpiDeviceV0StateMachine<HidSpiDeviceV0>::SlotArrays::c_returningSuccessOnReset = <no type information>
fffff803`f65e22d0 hidspi!utl::_SharedBase<HidSpiRequestManager * __ptr64>::_SharedReset<HidSpiRequestManager * __ptr64,utl::default_delete<HidSpiRequestManager>,utl::allocator<int> >::~_SharedReset<HidSpiRequestManager * __ptr64,utl::default_delete<HidSpiRequestManager>,utl::allocator<int> > (public: __cdecl utl::_SharedBase<class HidSpiRequestManager *>::_SharedReset<class HidSpiRequestManager *,struct utl::default_delete<class HidSpiRequestManager>,class utl::allocator<int> >::~_SharedReset<class HidSpiRequestManager *,struct utl::default_delete<class HidSpiRequestManager>,class utl::allocator<int> >(void))
fffff803`f65f76e8 hidspi!HidSpiDeviceV0StateMachine<HidSpiDeviceV0>::ExternalTransitions::c_clearingStateOnDeviceInitiatedReset = <no type information>
fffff803`f65e56c0 hidspi!Fdo::ResetDevice (public: long __cdecl Fdo::ResetDevice(void))
fffff803`f65f7800 hidspi!HidSpiDeviceV0StateMachine<HidSpiDeviceV0>::PurgeEvents::c_clearingDeviceStateOnReset = <no type information>
fffff803`f65f76d8 hidspi!HidSpiDeviceV0StateMachine<HidSpiDeviceV0>::ExternalTransitions::c_resettingOnStartup = <no type information>
fffff803`f65f7720 hidspi!HidSpiDeviceV0StateMachine<HidSpiDeviceV0>::ExternalTransitions::c_readResetResponse = <no type information>
fffff803`f65f7170 hidspi!HidSpiDeviceV0StateMachine<HidSpiDeviceV0>::SlotArrays::c_startingTimerForPowerOnResponse = <no type information>
fffff803`f65e84c0 hidspi!HidSpiDeviceV0StateMachine<HidSpiDeviceV0>::EntryFuncs::StartingTimerForPowerOnResponseEntry (public: static unsigned short __cdecl HidSpiDeviceV0StateMachine<class HidSpiDeviceV0>::EntryFuncs::StartingTimerForPowerOnResponseEntry(void *))
fffff803`f65f7088 hidspi!HidSpiDeviceV0StateMachine<HidSpiDeviceV0>::SlotArrays::c_waitingForDeviceToPowerOn = <no type information>
fffff803`f65f7598 hidspi!HidSpiDeviceV0StateMachine<HidSpiDeviceV0>::DeferredEvents::c_waitingForDeviceToPowerOn = <no type information>
fffff803`f65f7748 hidspi!HidSpiDeviceV0StateMachine<HidSpiDeviceV0>::ExternalTransitions::c_readingPowerOnResponse = <no type information>
fffff803`f65f75f8 hidspi!HidSpiDeviceV0StateMachine<HidSpiDeviceV0>::ExternalTransitions::c_waitingForDeviceToPowerOn = <no type information>
fffff803`f65f70a0 hidspi!HidSpiDeviceV0StateMachine<HidSpiDeviceV0>::SlotArrays::c_verifyingPowerOnCompletion = <no type information>
fffff803`f65f7680 hidspi!HidSpiDeviceV0StateMachine<HidSpiDeviceV0>::ExternalTransitions::c_stoppingTimerForPowerOnResponse = <no type information>
fffff803`f65f75e8 hidspi!HidSpiDeviceV0StateMachine<HidSpiDeviceV0>::ExternalTransitions::c_waitingForPowerOnCompletion = <no type information>
fffff803`f65f7620 hidspi!HidSpiDeviceV0StateMachine<HidSpiDeviceV0>::ExternalTransitions::c_verifyingPowerOnCompletion = <no type information>
fffff803`f65f75e4 hidspi!HidSpiDeviceV0StateMachine<HidSpiDeviceV0>::DeferredEvents::c_waitingForPowerOnCompletion = <no type information>
fffff803`f65f7078 hidspi!HidSpiDeviceV0StateMachine<HidSpiDeviceV0>::StopTimerOnExitDetails::c_stoppingTimerForPowerOnResponse = <no type information>
fffff803`f65f7570 hidspi!HidSpiDeviceV0StateMachine<HidSpiDeviceV0>::ExternalTransitions::c_writingPowerOnRequest = <no type information>
fffff803`f65f7928 hidspi!HidSpiDeviceV0StateMachine<HidSpiDeviceV0>::SlotArrays::c_readingPowerOnResponse = <no type information>
fffff803`f65e99a0 hidspi!HidSpiDeviceV0StateMachine<HidSpiDeviceV0>::EntryFuncs::VerifyingPowerOnCompletionEntry (public: static unsigned short __cdecl HidSpiDeviceV0StateMachine<class HidSpiDeviceV0>::EntryFuncs::VerifyingPowerOnCompletionEntry(void *))
fffff803`f65e99c0 hidspi!HidSpiDeviceV0StateMachine<HidSpiDeviceV0>::EntryFuncs::WaitingForDeviceToPowerOnEntry (public: static unsigned short __cdecl HidSpiDeviceV0StateMachine<class HidSpiDeviceV0>::EntryFuncs::WaitingForDeviceToPowerOnEntry(void *))
fffff803`f65f7110 hidspi!HidSpiDeviceV0StateMachine<HidSpiDeviceV0>::SlotArrays::c_stoppingTimerForPowerOnResponse = <no type information>
fffff803`f65f78d8 hidspi!HidSpiDeviceV0StateMachine<HidSpiDeviceV0>::SlotArrays::c_waitingForPowerOnCompletion = <no type information>
fffff803`f65e81b0 hidspi!HidSpiDeviceV0StateMachine<HidSpiDeviceV0>::EntryFuncs::StoppingTimerForPowerOnResponseEntry (public: static unsigned short __cdecl HidSpiDeviceV0StateMachine<class HidSpiDeviceV0>::EntryFuncs::StoppingTimerForPowerOnResponseEntry(void *))
fffff803`f65f76a0 hidspi!HidSpiDeviceV0StateMachine<HidSpiDeviceV0>::ExternalTransitions::c_startingTimerForPowerOnResponse = <no type information>
fffff803`f65e81c0 hidspi!HidSpiDeviceV0StateMachine<HidSpiDeviceV0>::StopTimerOnExitDetails::StoppingTimerForPowerOnResponseStopTimer (public: static enum SmFx::StopTimerResult __cdecl HidSpiDeviceV0StateMachine<class HidSpiDeviceV0>::StopTimerOnExitDetails::StoppingTimerForPowerOnResponseStopTimer(void *))
fffff803`f65f7870 hidspi!HidSpiDeviceV0StateMachine<HidSpiDeviceV0>::SlotArrays::c_writingPowerOnRequest = <no type information>
0: kd> bp fffff803`f65e6ac0 ".printf \"\\n### DEVICE-INITIATED-RESET recovery ENTRY hit ###\\n\"; k 6; gc"
0: kd> bl
     0 e Disable Clear  fffff803`f65ef178     0001 (0001) hidspi!SpbBusWrapper::MultiSpiTransfer ".if ((by(@x4+4)==3) | (by(@x4+4)==5) | (by(@x4+4)==7)) { .printf \"\\n[MODE-SETUP] type=%02x id=%02x txLen=%x rxLen=%x\\n\", by(@x4+4), by(@x4+7), @x5, @x7; db @x4 L48 }; gc"
     1 e Disable Clear  fffff803`f65e6ac0     0001 (0001) hidspi!HidSpiDeviceV0StateMachine<HidSpiDeviceV0>::EntryFuncs::ClearingDeviceStateOnResetEntry ".printf \"\\n### DEVICE-INITIATED-RESET recovery ENTRY hit ###\\n\"; k 6; gc"

0: kd> g
DBGK: DbgkWerCaptureLiveKernelDump: WerLiveKernelCreateReport failed, status 0xc0000099.


[MODE-SETUP] type=03 id=05 txLen=c rxLen=0
ffff9a85`2c68b660  e2 00 20 00 03 01 00 05-01 a1 00 00 90 01 00 00  .. .............
ffff9a85`2c68b670  00 00 00 00 00 00 00 00-00 00 00 00 00 00 00 00  ................
ffff9a85`2c68b680  00 00 00 00 00 00 00 00-00 00 00 00 00 00 00 00  ................
ffff9a85`2c68b690  90 01 00 00 00 00 00 00-00 00 00 00 00 00 00 00  ................
ffff9a85`2c68b6a0  00 00 00 00 00 00 00 00                          ........

[MODE-SETUP] type=05 id=09 txLen=48 rxLen=0
ffff9a85`2c68b660  e2 00 20 00 05 3f 00 09-8e a1 01 00 90 01 00 00  .. ..?..........
ffff9a85`2c68b670  00 00 00 00 00 00 00 00-00 00 00 00 00 00 00 00  ................
ffff9a85`2c68b680  00 00 00 00 00 00 00 00-00 00 00 00 00 00 00 00  ................
ffff9a85`2c68b690  90 01 00 00 00 00 00 00-00 00 00 00 00 00 00 00  ................
ffff9a85`2c68b6a0  00 00 00 00 00 00 00 00                          ........

[MODE-SETUP] type=03 id=70 txLen=c rxLen=0
ffff9a85`2c68b660  e2 00 20 00 03 01 00 70-01 a1 01 00 90 01 00 00  .. ....p........
ffff9a85`2c68b670  00 00 00 00 00 00 00 00-00 00 00 00 00 00 00 00  ................
ffff9a85`2c68b680  00 00 00 00 00 00 00 00-00 00 00 00 00 00 00 00  ................
ffff9a85`2c68b690  90 01 00 00 00 00 00 00-00 00 00 00 00 00 00 00  ................
ffff9a85`2c68b6a0  00 00 00 00 00 00 00 00                          ........

[MODE-SETUP] type=03 id=05 txLen=c rxLen=0
ffff9a85`2c68b660  e2 00 20 00 03 01 00 05-01 a1 01 00 90 01 00 00  .. .............
ffff9a85`2c68b670  00 00 00 00 00 00 00 00-00 00 00 00 00 00 00 00  ................
ffff9a85`2c68b680  00 00 00 00 00 00 00 00-00 00 00 00 00 00 00 00  ................
ffff9a85`2c68b690  90 01 00 00 00 00 00 00-00 00 00 00 00 00 00 00  ................
ffff9a85`2c68b6a0  00 00 00 00 00 00 00 00                          ........

[MODE-SETUP] type=03 id=56 txLen=10 rxLen=0
ffff9a85`2c68b660  e2 00 20 00 03 07 00 56-bc e6 4a 2e 86 78 00 00  .. ....V..J..x..
ffff9a85`2c68b670  00 00 00 00 00 00 00 00-00 00 00 00 00 00 00 00  ................
ffff9a85`2c68b680  00 00 00 00 00 00 00 00-00 00 00 00 00 00 00 00  ................
ffff9a85`2c68b690  90 01 00 00 00 00 00 00-00 00 00 00 00 00 00 00  ................
ffff9a85`2c68b6a0  00 00 00 00 00 00 00 00                          ........

[MODE-SETUP] type=05 id=09 txLen=48 rxLen=0
ffff9a85`2c68b660  e2 00 20 00 05 3f 00 09-8e a1 01 00 90 01 00 00  .. ..?..........
ffff9a85`2c68b670  00 00 00 00 00 00 00 00-00 00 00 00 00 00 00 00  ................
ffff9a85`2c68b680  00 00 00 00 00 00 00 00-00 00 00 00 00 00 00 00  ................
ffff9a85`2c68b690  90 01 00 00 00 00 00 00-00 00 00 00 00 00 00 00  ................
ffff9a85`2c68b6a0  00 00 00 00 00 00 00 00                          ........

[MODE-SETUP] type=05 id=09 txLen=48 rxLen=0
ffff9a85`2c68b660  e2 00 20 00 05 3f 00 09-8e a5 00 02 00 00 00 00  .. ..?..........
ffff9a85`2c68b670  00 00 00 00 70 17 00 00-00 00 00 00 00 00 00 00  ....p...........
ffff9a85`2c68b680  00 00 00 00 00 00 00 00-00 00 00 00 ff f8 00 90  ................
ffff9a85`2c68b690  01 00 00 04 ff 00 40 00-ff 02 00 00 00 00 00 00  ......@.........
ffff9a85`2c68b6a0  00 00 00 00 00 00 00 00                          ........
Break instruction exception - code 80000003 (first chance)
*******************************************************************************
*                                                                             *
*   You are seeing this message because you pressed either                    *
*       CTRL+C (if you run console kernel debugger) or,                       *
*       CTRL+BREAK (if you run GUI kernel debugger),                          *
*   on your debugger machine's keyboard.                                      *
*                                                                             *
*                   THIS IS NOT A BUG OR A SYSTEM CRASH                       *
*                                                                             *
* If you did not intend to break into the debugger, press the "g" key, then   *
* press the "Enter" key now.  This message might immediately reappear.  If it *
* does, press "g" and "Enter" again.                                          *
*                                                                             *
*******************************************************************************
nt!DbgBreakPoint:
fffff803`f4e013b0 d43e0000 brk         #0xF000
0: kd> k 4
 # Child-SP          RetAddr               Call Site
00 ffffc506`ceb17890 fffff803`f33d12f0     nt!DbgBreakPoint
01 ffffc506`ceb17890 fffff803`f33d26f4     kdnic!TXTransmitQueuedSends+0x1c8
02 ffffc506`ceb17970 fffff803`f33d2b04     kdnic!HandleSend+0x28c
03 ffffc506`ceb17a40 fffff803`f05733d0     kdnic!NdisPoll+0x74
0: kd> !time
CURRENT TIME:
System:               01dd15db`77b5ba15 (2026 Jul 17 11:00:24.140)
Interrupt:            00000001`93b46957 (00:11:17.304)
0: kd> g

[MODE-SETUP] type=03 id=05 txLen=c rxLen=0
ffff9a85`2c68b660  e2 00 20 00 03 01 00 05-01 a5 00 02 00 00 00 00  .. .............
ffff9a85`2c68b670  00 00 00 00 70 17 00 00-00 00 00 00 00 00 00 00  ....p...........
ffff9a85`2c68b680  00 00 00 00 00 00 00 00-00 00 00 00 ff f8 00 90  ................
ffff9a85`2c68b690  01 00 00 04 ff 00 40 00-ff 02 00 00 00 00 00 00  ......@.........
ffff9a85`2c68b6a0  00 00 00 00 00 00 00 00                          ........

[MODE-SETUP] type=05 id=09 txLen=48 rxLen=0
ffff9a85`2c68b660  e2 00 20 00 05 3f 00 09-8e a1 01 00 90 01 00 00  .. ..?..........
ffff9a85`2c68b670  00 00 00 00 00 00 00 00-00 00 00 00 00 00 00 00  ................
ffff9a85`2c68b680  00 00 00 00 00 00 00 00-00 00 00 00 00 00 00 00  ................
ffff9a85`2c68b690  90 01 00 00 00 00 00 00-00 00 00 00 00 00 00 00  ................
ffff9a85`2c68b6a0  00 00 00 00 00 00 00 00                          ........

[MODE-SETUP] type=03 id=70 txLen=c rxLen=0
ffff9a85`2c68b660  e2 00 20 00 03 01 00 70-01 a1 01 00 90 01 00 00  .. ....p........
ffff9a85`2c68b670  00 00 00 00 00 00 00 00-00 00 00 00 00 00 00 00  ................
ffff9a85`2c68b680  00 00 00 00 00 00 00 00-00 00 00 00 00 00 00 00  ................
ffff9a85`2c68b690  90 01 00 00 00 00 00 00-00 00 00 00 00 00 00 00  ................
ffff9a85`2c68b6a0  00 00 00 00 00 00 00 00                          ........

[MODE-SETUP] type=05 id=09 txLen=48 rxLen=0
ffff9a85`2c68b660  e2 00 20 00 05 3f 00 09-8e a5 00 02 00 00 00 00  .. ..?..........
ffff9a85`2c68b670  00 00 00 00 70 17 00 00-00 00 00 00 00 00 00 00  ....p...........
ffff9a85`2c68b680  00 00 00 00 00 00 00 00-00 00 00 00 ff f8 00 90  ................
ffff9a85`2c68b690  01 00 00 04 ff 00 40 00-ff 02 00 00 00 00 00 00  ......@.........
ffff9a85`2c68b6a0  00 00 00 00 00 00 00 00                          ........

[MODE-SETUP] type=03 id=56 txLen=10 rxLen=0
ffff9a85`2c68b660  e2 00 20 00 03 07 00 56-bc e6 4a 2e 86 78 00 00  .. ....V..J..x..
ffff9a85`2c68b670  00 00 00 00 70 17 00 00-00 00 00 00 00 00 00 00  ....p...........
ffff9a85`2c68b680  00 00 00 00 00 00 00 00-00 00 00 00 ff f8 00 90  ................
ffff9a85`2c68b690  01 00 00 04 ff 00 40 00-ff 02 00 00 00 00 00 00  ......@.........
ffff9a85`2c68b6a0  00 00 00 00 00 00 00 00                          ........

[MODE-SETUP] type=05 id=09 txLen=48 rxLen=0
ffff9a85`2c68b660  e2 00 20 00 05 3f 00 09-8e a1 01 00 90 01 00 00  .. ..?..........
ffff9a85`2c68b670  00 00 00 00 00 00 00 00-00 00 00 00 00 00 00 00  ................
ffff9a85`2c68b680  00 00 00 00 00 00 00 00-00 00 00 00 00 00 00 00  ................
ffff9a85`2c68b690  90 01 00 00 00 00 00 00-00 00 00 00 00 00 00 00  ................
ffff9a85`2c68b6a0  00 00 00 00 00 00 00 00                          ........

[MODE-SETUP] type=05 id=09 txLen=48 rxLen=0
ffff9a85`2c68b660  e2 00 20 00 05 3f 00 09-8e a5 00 02 00 00 00 00  .. ..?..........
ffff9a85`2c68b670  00 00 00 00 70 17 00 00-00 00 00 00 00 00 00 00  ....p...........
ffff9a85`2c68b680  00 00 00 00 00 00 00 00-00 00 00 00 ff f8 00 90  ................
ffff9a85`2c68b690  01 00 00 04 ff 00 40 00-ff 02 00 00 00 00 00 00  ......@.........
ffff9a85`2c68b6a0  00 00 00 00 00 00 00 00                          ........
Break instruction exception - code 80000003 (first chance)
*******************************************************************************
*                                                                             *
*   You are seeing this message because you pressed either                    *
*       CTRL+C (if you run console kernel debugger) or,                       *
*       CTRL+BREAK (if you run GUI kernel debugger),                          *
*   on your debugger machine's keyboard.                                      *
*                                                                             *
*                   THIS IS NOT A BUG OR A SYSTEM CRASH                       *
*                                                                             *
* If you did not intend to break into the debugger, press the "g" key, then   *
* press the "Enter" key now.  This message might immediately reappear.  If it *
* does, press "g" and "Enter" again.                                          *
*                                                                             *
*******************************************************************************
nt!DbgBreakPoint:
fffff803`f4e013b0 d43e0000 brk         #0xF000
0: kd> bc *
0: kd> .logclose
Closing open log file C:\Users\SurfacePro7\Documents\KDNET\sp11_clean_3events.log
